label0
label6
        lda     #$00
label7:
        dec     $d020
label1
        macroname
    label2:
        anothermacroname
label3:

        .SCOPE  abcde
        label4:
            lda     #$00
            sta     $d020

            .SCOPE  fghij
            @label5:
            .ENDSCOPE

            amacro
        .ENDSCOPE

anoversizedlabel
        inc     $d020
anotheroversizedlabel:
        dec     $d020