label0
label6  LDA     #$00
label7: DEC     $d020
label1
        macroname
    label2:
        anothermacroname
label3:

        .scope      abcde
        label4:
            LDA     #$00
            STA     $d020

            .scope      fghij
            label5:
            .endscope

            amacro
        .endscope

anoversizedlabel
        INC     $d020
anotheroversizedlabel:
        DEC     $d020